---
source: tests/compgen.rs
expression: output
---
RUN
prog cmd_option_names --op10

STDOUT
__argc_compgen_cmd:_fn_bars

STDERR


